---
source: crates/oxc_linter/src/tester.rs
---
  ⚠ node(no-exports-assign): Disallow the assignment to `exports`.
   ╭─[no_exports_assign.tsx:1:1]
 1 │ exports = {}
   · ───────
   ╰────
  help: Unexpected assignment to 'exports' variable. Use 'module.exports' instead.
