---
source: crates/oxc_linter/src/tester.rs
expression: no_interpolation_in_snapshots
---
  ⚠ eslint-plugin-jest(no-interpolation-in-snapshots): Do not use string interpolation inside of snapshots
   ╭─[no_interpolation_in_snapshots.tsx:1:41]
 1 │ expect(something).toMatchInlineSnapshot(`${interpolated}`);
   ·                                         ─────────────────
   ╰────
  help: Remove string interpolation from snapshots

  ⚠ eslint-plugin-jest(no-interpolation-in-snapshots): Do not use string interpolation inside of snapshots
   ╭─[no_interpolation_in_snapshots.tsx:1:45]
 1 │ expect(something).not.toMatchInlineSnapshot(`${interpolated}`);
   ·                                             ─────────────────
   ╰────
  help: Remove string interpolation from snapshots

  ⚠ eslint-plugin-jest(no-interpolation-in-snapshots): Do not use string interpolation inside of snapshots
   ╭─[no_interpolation_in_snapshots.tsx:1:45]
 1 │ expect(something).toMatchInlineSnapshot({}, `${interpolated}`);
   ·                                             ─────────────────
   ╰────
  help: Remove string interpolation from snapshots

  ⚠ eslint-plugin-jest(no-interpolation-in-snapshots): Do not use string interpolation inside of snapshots
   ╭─[no_interpolation_in_snapshots.tsx:1:49]
 1 │ expect(something).not.toMatchInlineSnapshot({}, `${interpolated}`);
   ·                                                 ─────────────────
   ╰────
  help: Remove string interpolation from snapshots

  ⚠ eslint-plugin-jest(no-interpolation-in-snapshots): Do not use string interpolation inside of snapshots
   ╭─[no_interpolation_in_snapshots.tsx:1:54]
 1 │ expect(something).toThrowErrorMatchingInlineSnapshot(`${interpolated}`);
   ·                                                      ─────────────────
   ╰────
  help: Remove string interpolation from snapshots

  ⚠ eslint-plugin-jest(no-interpolation-in-snapshots): Do not use string interpolation inside of snapshots
   ╭─[no_interpolation_in_snapshots.tsx:1:58]
 1 │ expect(something).not.toThrowErrorMatchingInlineSnapshot(`${interpolated}`);
   ·                                                          ─────────────────
   ╰────
  help: Remove string interpolation from snapshots
