---
source: crates/oxc_semantic/tests/main.rs
input_file: crates/oxc_semantic/tests/fixtures/oxc/js/assignments/array.js
---
[
  {
    "children": [],
    "flags": "ScopeFlags(StrictMode | Top)",
    "id": 0,
    "node": "Program",
    "symbols": [
      {
        "flags": "SymbolFlags(BlockScopedVariable)",
        "id": 0,
        "name": "read",
        "node": "VariableDeclarator(read)",
        "references": [
          {
            "flags": "ReferenceFlags(Read)",
            "id": 1,
            "name": "read",
            "node_id": 14
          },
          {
            "flags": "ReferenceFlags(Read)",
            "id": 3,
            "name": "read",
            "node_id": 19
          }
        ]
      },
      {
        "flags": "SymbolFlags(BlockScopedVariable)",
        "id": 1,
        "name": "write",
        "node": "VariableDeclarator(write)",
        "references": [
          {
            "flags": "ReferenceFlags(Write)",
            "id": 0,
            "name": "write",
            "node_id": 13
          },
          {
            "flags": "ReferenceFlags(Write)",
            "id": 2,
            "name": "write",
            "node_id": 18
          }
        ]
      }
    ]
  }
]
