---
source: crates/oxc_semantic/tests/cfg.rs
expression: output.basic_blocks_printed()
input_file: crates/oxc_semantic/tests/cfg_fixtures/function_as_expression.js
---
bb0: {

}

bb1: {

}

bb2: {

}

bb3: {

}

bb4: {

}

bb5: {

}

bb6: {

}

bb7: {

}

bb8: {

}

bb9: {

}

bb10: {

}

bb11: {

}

bb12: {

}

bb13: {

}

bb14: {

}

bb15: {

}

bb16: {

}

bb17: {

}

bb18: {

}

bb19: {

}

bb20: {

}

bb21: {

}

bb22: {

}

bb23: {

}

bb24: {

}

bb25: {

}

bb26: {

}
