---
source: crates/oxc_semantic/tests/cfg.rs
expression: output.cfg_dot_diagram()
input_file: crates/oxc_semantic/tests/cfg_fixtures/import_as_function.js
---
digraph {
    0 [ label = ""]
    1 [ label = ""]
    0 -> 1 [ ]
}

