---
source: crates/oxc_semantic/tests/cfg.rs
expression: output.cfg_dot_diagram()
input_file: crates/oxc_semantic/tests/cfg_fixtures/function_as_expression.js
---
digraph {
    0 [ label = ""]
    1 [ label = ""]
    2 [ label = ""]
    3 [ label = ""]
    4 [ label = ""]
    5 [ label = ""]
    6 [ label = ""]
    7 [ label = ""]
    8 [ label = ""]
    9 [ label = ""]
    10 [ label = ""]
    11 [ label = ""]
    12 [ label = ""]
    13 [ label = ""]
    14 [ label = ""]
    15 [ label = ""]
    16 [ label = ""]
    17 [ label = ""]
    18 [ label = ""]
    19 [ label = ""]
    20 [ label = ""]
    21 [ label = ""]
    22 [ label = ""]
    23 [ label = ""]
    24 [ label = ""]
    25 [ label = ""]
    26 [ label = ""]
    0 -> 1 [ ]
    0 -> 2 [ ]
    2 -> 3 [ ]
    2 -> 4 [ ]
    4 -> 5 [ ]
    4 -> 6 [ ]
    6 -> 7 [ ]
    6 -> 8 [ ]
    8 -> 9 [ ]
    8 -> 10 [ ]
    10 -> 11 [ ]
    10 -> 12 [ ]
    12 -> 13 [ ]
    12 -> 14 [ ]
    14 -> 15 [ ]
    14 -> 16 [ ]
    16 -> 17 [ ]
    16 -> 18 [ ]
    17 -> 18 [ ]
    18 -> 19 [ ]
    18 -> 20 [ ]
    20 -> 21 [ ]
    20 -> 22 [ ]
    21 -> 22 [ ]
    22 -> 23 [ ]
    22 -> 24 [ ]
    24 -> 25 [ ]
    24 -> 26 [ ]
}

