---
source: crates/oxc_semantic/tests/main.rs
input_file: crates/oxc_semantic/tests/fixtures/typescript-eslint/type-declaration/type-parameters/interface/extends-reference.ts
---
[
  {
    "children": [
      {
        "children": [],
        "flag": "ScopeFlags(StrictMode)",
        "id": 1,
        "node": "TSInterfaceDeclaration",
        "symbols": [
          {
            "flag": "SymbolFlags(TypeParameter)",
            "id": 1,
            "name": "T",
            "node": "TSTypeParameter(T)",
            "references": []
          }
        ]
      },
      {
        "children": [],
        "flag": "ScopeFlags(StrictMode)",
        "id": 2,
        "node": "TSInterfaceDeclaration",
        "symbols": [
          {
            "flag": "SymbolFlags(TypeParameter)",
            "id": 3,
            "name": "T",
            "node": "TSTypeParameter(T)",
            "references": [
              {
                "flag": "ReferenceFlag(Type)",
                "id": 1,
                "name": "T",
                "node_id": 13
              }
            ]
          }
        ]
      }
    ],
    "flag": "ScopeFlags(StrictMode | Top)",
    "id": 0,
    "node": "Program",
    "symbols": [
      {
        "flag": "SymbolFlags(Interface)",
        "id": 0,
        "name": "A",
        "node": "TSInterfaceDeclaration",
        "references": [
          {
            "flag": "ReferenceFlag(Type)",
            "id": 0,
            "name": "A",
            "node_id": 9
          }
        ]
      },
      {
        "flag": "SymbolFlags(Interface)",
        "id": 2,
        "name": "Foo",
        "node": "TSInterfaceDeclaration",
        "references": []
      }
    ]
  }
]
