---
source: crates/oxc_semantic/tests/main.rs
input_file: crates/oxc_semantic/tests/fixtures/typescript-eslint/functions/function-declaration/type-predicate-asserts2.ts
---
[
  {
    "children": [
      {
        "children": [],
        "flag": "ScopeFlags(StrictMode)",
        "id": 1,
        "node": "TSTypeAliasDeclaration",
        "symbols": []
      },
      {
        "children": [],
        "flag": "ScopeFlags(StrictMode | Function)",
        "id": 2,
        "node": "Function(foo)",
        "symbols": [
          {
            "flag": "SymbolFlags(FunctionScopedVariable)",
            "id": 2,
            "name": "arg",
            "node": "FormalParameter(arg)",
            "references": []
          }
        ]
      }
    ],
    "flag": "ScopeFlags(StrictMode | Top)",
    "id": 0,
    "node": "Program",
    "symbols": [
      {
        "flag": "SymbolFlags(TypeAlias)",
        "id": 0,
        "name": "T",
        "node": "TSTypeAliasDeclaration",
        "references": [
          {
            "flag": "ReferenceFlag(Type)",
            "id": 0,
            "name": "T",
            "node_id": 16
          }
        ]
      },
      {
        "flag": "SymbolFlags(BlockScopedVariable | Function)",
        "id": 1,
        "name": "foo",
        "node": "Function(foo)",
        "references": []
      }
    ]
  }
]
