---
source: crates/oxc_semantic/tests/main.rs
input_file: crates/oxc_semantic/tests/fixtures/typescript-eslint/import/type-named.ts
---
[
  {
    "children": [
      {
        "children": [],
        "flag": "ScopeFlags(StrictMode)",
        "id": 1,
        "node": "TSTypeAliasDeclaration",
        "symbols": []
      }
    ],
    "flag": "ScopeFlags(StrictMode | Top)",
    "id": 0,
    "node": "Program",
    "symbols": [
      {
        "flag": "SymbolFlags(TypeImport)",
        "id": 0,
        "name": "T",
        "node": "ImportSpecifier(T)",
        "references": [
          {
            "flag": "ReferenceFlag(Type)",
            "id": 0,
            "name": "T",
            "node_id": 11
          }
        ]
      },
      {
        "flag": "SymbolFlags(TypeAlias)",
        "id": 1,
        "name": "Ref",
        "node": "TSTypeAliasDeclaration",
        "references": []
      },
      {
        "flag": "SymbolFlags(BlockScopedVariable | ConstVariable)",
        "id": 2,
        "name": "unresolved",
        "node": "VariableDeclarator(unresolved)",
        "references": []
      }
    ]
  }
]
