---
source: crates/oxc_semantic/tests/integration/cfg.rs
expression: output.basic_blocks_printed()
input_file: crates/oxc_semantic/tests/integration/cfg_fixtures/object_in_computer_member_expression.js
---
bb0: {
	statement
}
