---
source: crates/oxc_semantic/tests/main.rs
input_file: crates/oxc_semantic/tests/fixtures/typescript-eslint/functions/function-expression/params.ts
---
[
  {
    "children": [
      {
        "children": [],
        "flags": "ScopeFlags(StrictMode | Function)",
        "id": 1,
        "node": "Function(<anonymous>)",
        "symbols": [
          {
            "flags": "SymbolFlags(FunctionScopedVariable)",
            "id": 2,
            "name": "a",
            "node": "FormalParameter(a)",
            "references": [
              {
                "flags": "ReferenceFlags(Read)",
                "id": 0,
                "name": "a",
                "node_id": 27
              },
              {
                "flags": "ReferenceFlags(Read)",
                "id": 2,
                "name": "a",
                "node_id": 36
              }
            ]
          },
          {
            "flags": "SymbolFlags(FunctionScopedVariable)",
            "id": 3,
            "name": "b",
            "node": "FormalParameter(<destructure>)",
            "references": []
          },
          {
            "flags": "SymbolFlags(FunctionScopedVariable)",
            "id": 4,
            "name": "c",
            "node": "FormalParameter(<destructure>)",
            "references": []
          },
          {
            "flags": "SymbolFlags(FunctionScopedVariable)",
            "id": 5,
            "name": "d",
            "node": "FormalParameter(d)",
            "references": []
          },
          {
            "flags": "SymbolFlags(FunctionScopedVariable)",
            "id": 6,
            "name": "e",
            "node": "FormalParameter(e)",
            "references": []
          },
          {
            "flags": "SymbolFlags(FunctionScopedVariable)",
            "id": 7,
            "name": "f",
            "node": "FormalParameter(f)",
            "references": []
          },
          {
            "flags": "SymbolFlags(FunctionScopedVariable)",
            "id": 8,
            "name": "g",
            "node": "FormalParameter(g)",
            "references": []
          }
        ]
      }
    ],
    "flags": "ScopeFlags(StrictMode | Top)",
    "id": 0,
    "node": "Program",
    "symbols": [
      {
        "flags": "SymbolFlags(BlockScopedVariable | ConstVariable)",
        "id": 0,
        "name": "outer",
        "node": "VariableDeclarator(outer)",
        "references": [
          {
            "flags": "ReferenceFlags(Read)",
            "id": 1,
            "name": "outer",
            "node_id": 31
          }
        ]
      },
      {
        "flags": "SymbolFlags(BlockScopedVariable | ConstVariable)",
        "id": 1,
        "name": "foo",
        "node": "VariableDeclarator(foo)",
        "references": []
      },
      {
        "flags": "SymbolFlags(BlockScopedVariable | ConstVariable)",
        "id": 9,
        "name": "unresolved",
        "node": "VariableDeclarator(unresolved)",
        "references": []
      }
    ]
  }
]
