transformer_misc Summary:
AST Parsed     : 30/30 (100.00%)
Positive Passed: 30/30 (100.00%)
