---
source: crates/oxc_semantic/tests/main.rs
input_file: crates/oxc_semantic/tests/fixtures/typescript-eslint/functions/function-expression/default-params/writable-ref.ts
---
[
  {
    "children": [
      {
        "children": [],
        "flags": "ScopeFlags(StrictMode | Function)",
        "id": 1,
        "node": "Function(<anonymous>)",
        "symbols": [
          {
            "flags": "SymbolFlags(FunctionScopedVariable)",
            "id": 1,
            "name": "a",
            "node": "FormalParameter(a)",
            "references": []
          },
          {
            "flags": "SymbolFlags(FunctionScopedVariable)",
            "id": 2,
            "name": "b",
            "node": "FormalParameter(b)",
            "references": []
          }
        ]
      }
    ],
    "flags": "ScopeFlags(StrictMode | Top)",
    "id": 0,
    "node": "Program",
    "symbols": [
      {
        "flags": "SymbolFlags(BlockScopedVariable)",
        "id": 0,
        "name": "foo",
        "node": "VariableDeclarator(foo)",
        "references": []
      }
    ]
  }
]
