---
source: crates/oxc_semantic/tests/main.rs
input_file: crates/oxc_semantic/tests/fixtures/typescript-eslint/export/named2-type.ts
---
[
  {
    "children": [
      {
        "children": [],
        "flags": "ScopeFlags(StrictMode)",
        "id": 1,
        "node": "TSTypeAliasDeclaration",
        "symbols": []
      }
    ],
    "flags": "ScopeFlags(StrictMode | Top)",
    "id": 0,
    "node": "Program",
    "symbols": [
      {
        "flags": "SymbolFlags(Export | TypeAlias)",
        "id": 0,
        "name": "A",
        "node": "TSTypeAliasDeclaration",
        "references": [
          {
            "flags": "ReferenceFlags(Type)",
            "id": 0,
            "name": "A",
            "node_id": 8
          }
        ]
      }
    ]
  }
]
